// Jest Snapshot v1, https://goo.gl/fbAQLP

exports[`Pruebas en <GifGidItem /> Debe mostrar el componente correctamente  1`] = `
<div
  className="card animate__animated animate__fadeIn "
>
  <img
    alt="Un titulo"
    src="https://localhost/algo.jpg"
  />
  <p>
    Un titulo
  </p>
</div>
`;
